// Jest Snapshot v1, https://goo.gl/fbAQLP

exports[`ColorPickerInput should render correctly 1`] = `
<div
  class="form-input__container"
>
  <div
    class="form-input__addons__container"
  >
    <div
      class="color-selected"
      style="background-color: rgb(0, 0, 0);"
    />
    <input
      class="form-input"
      id="input-:r0:"
      value=""
    />
    <div
      class="form-input__addons__addon form-input__addons__addon--right"
    >
      <div
        class="pr-s-100 m-s-50 mt-s-100 pointer"
      >
        <input
          class="hidden"
          style="visibility: hidden; display: hidden;"
          tabindex="-1"
          type="color"
        />
        <span
          class="material-symbols-rounded"
        >
          colorize
        </span>
      </div>
    </div>
  </div>
</div>
`;
