// Jest Snapshot v1, https://goo.gl/fbAQLP

exports[`TableRow should render selecting 1`] = `
<div>
  <table>
    <tbody>
      <tr
        class="table__row"
      >
        <td
          class="table__cell table__cell--checkbox"
        >
          <div
            class="table__cell__content"
          >
            <div
              class="form-check"
            >
              <input
                class="form-check-input"
                id="checkbox"
                type="checkbox"
              />
            </div>
          </div>
        </td>
      </tr>
    </tbody>
  </table>
</div>
`;

exports[`TableRow should render unselecting 1`] = `
<div>
  <table>
    <tbody>
      <tr
        class="table__row"
      >
        <td
          class="table__cell table__cell--checkbox"
        >
          <div
            class="table__cell__content"
          >
            <div
              class="form-check"
            >
              <input
                class="form-check-input"
                id="checkbox"
                type="checkbox"
              />
            </div>
          </div>
        </td>
      </tr>
    </tbody>
  </table>
</div>
`;
